Archive member included because of file (symbol)

d:/download/imt/imt_sdk_win_64/imt_sdk_win_64/winavr/bin/../lib/gcc/avr/4.3.3/avr5\libgcc.a(_mulsi3.o)
                              ./Src/LCD_Program.o (__mulsi3)
d:/download/imt/imt_sdk_win_64/imt_sdk_win_64/winavr/bin/../lib/gcc/avr/4.3.3/avr5\libgcc.a(_udivmodsi4.o)
                              ./Src/LCD_Program.o (__udivmodsi4)
d:/download/imt/imt_sdk_win_64/imt_sdk_win_64/winavr/bin/../lib/gcc/avr/4.3.3/avr5\libgcc.a(_exit.o)
                              d:/download/imt/imt_sdk_win_64/imt_sdk_win_64/winavr/bin/../lib/gcc/avr/4.3.3/../../../../avr/lib/avr5/crtm32.o (exit)
d:/download/imt/imt_sdk_win_64/imt_sdk_win_64/winavr/bin/../lib/gcc/avr/4.3.3/avr5\libgcc.a(_copy_data.o)
                              ./Src/App.o (__do_copy_data)
d:/download/imt/imt_sdk_win_64/imt_sdk_win_64/winavr/bin/../lib/gcc/avr/4.3.3/avr5\libgcc.a(_clear_bss.o)
                              ./Src/App.o (__do_clear_bss)
d:/download/imt/imt_sdk_win_64/imt_sdk_win_64/winavr/bin/../lib/gcc/avr/4.3.3/avr5\libgcc.a(_fixunssfsi.o)
                              ./Src/App.o (__fixunssfsi)
d:/download/imt/imt_sdk_win_64/imt_sdk_win_64/winavr/bin/../lib/gcc/avr/4.3.3/avr5\libgcc.a(_addsub_sf.o)
                              d:/download/imt/imt_sdk_win_64/imt_sdk_win_64/winavr/bin/../lib/gcc/avr/4.3.3/avr5\libgcc.a(_fixunssfsi.o) (__subsf3)
d:/download/imt/imt_sdk_win_64/imt_sdk_win_64/winavr/bin/../lib/gcc/avr/4.3.3/avr5\libgcc.a(_mul_sf.o)
                              ./Src/App.o (__mulsf3)
d:/download/imt/imt_sdk_win_64/imt_sdk_win_64/winavr/bin/../lib/gcc/avr/4.3.3/avr5\libgcc.a(_gt_sf.o)
                              ./Src/App.o (__gtsf2)
d:/download/imt/imt_sdk_win_64/imt_sdk_win_64/winavr/bin/../lib/gcc/avr/4.3.3/avr5\libgcc.a(_ge_sf.o)
                              d:/download/imt/imt_sdk_win_64/imt_sdk_win_64/winavr/bin/../lib/gcc/avr/4.3.3/avr5\libgcc.a(_fixunssfsi.o) (__gesf2)
d:/download/imt/imt_sdk_win_64/imt_sdk_win_64/winavr/bin/../lib/gcc/avr/4.3.3/avr5\libgcc.a(_lt_sf.o)
                              ./Src/App.o (__ltsf2)
d:/download/imt/imt_sdk_win_64/imt_sdk_win_64/winavr/bin/../lib/gcc/avr/4.3.3/avr5\libgcc.a(_sf_to_si.o)
                              d:/download/imt/imt_sdk_win_64/imt_sdk_win_64/winavr/bin/../lib/gcc/avr/4.3.3/avr5\libgcc.a(_fixunssfsi.o) (__fixsfsi)
d:/download/imt/imt_sdk_win_64/imt_sdk_win_64/winavr/bin/../lib/gcc/avr/4.3.3/avr5\libgcc.a(_thenan_sf.o)
                              d:/download/imt/imt_sdk_win_64/imt_sdk_win_64/winavr/bin/../lib/gcc/avr/4.3.3/avr5\libgcc.a(_addsub_sf.o) (__thenan_sf)
d:/download/imt/imt_sdk_win_64/imt_sdk_win_64/winavr/bin/../lib/gcc/avr/4.3.3/avr5\libgcc.a(_prologue.o)
                              d:/download/imt/imt_sdk_win_64/imt_sdk_win_64/winavr/bin/../lib/gcc/avr/4.3.3/avr5\libgcc.a(_addsub_sf.o) (__prologue_saves__)
d:/download/imt/imt_sdk_win_64/imt_sdk_win_64/winavr/bin/../lib/gcc/avr/4.3.3/avr5\libgcc.a(_epilogue.o)
                              d:/download/imt/imt_sdk_win_64/imt_sdk_win_64/winavr/bin/../lib/gcc/avr/4.3.3/avr5\libgcc.a(_addsub_sf.o) (__epilogue_restores__)
d:/download/imt/imt_sdk_win_64/imt_sdk_win_64/winavr/bin/../lib/gcc/avr/4.3.3/avr5\libgcc.a(_pack_sf.o)
                              d:/download/imt/imt_sdk_win_64/imt_sdk_win_64/winavr/bin/../lib/gcc/avr/4.3.3/avr5\libgcc.a(_addsub_sf.o) (__pack_f)
d:/download/imt/imt_sdk_win_64/imt_sdk_win_64/winavr/bin/../lib/gcc/avr/4.3.3/avr5\libgcc.a(_unpack_sf.o)
                              d:/download/imt/imt_sdk_win_64/imt_sdk_win_64/winavr/bin/../lib/gcc/avr/4.3.3/avr5\libgcc.a(_addsub_sf.o) (__unpack_f)
d:/download/imt/imt_sdk_win_64/imt_sdk_win_64/winavr/bin/../lib/gcc/avr/4.3.3/avr5\libgcc.a(_fpcmp_parts_sf.o)
                              d:/download/imt/imt_sdk_win_64/imt_sdk_win_64/winavr/bin/../lib/gcc/avr/4.3.3/avr5\libgcc.a(_gt_sf.o) (__fpcmp_parts_f)
d:/download/imt/imt_sdk_win_64/imt_sdk_win_64/winavr/bin/../lib/gcc/avr/4.3.3/../../../../avr/lib/avr5\libc.a(strcmp.o)
                              ./Src/SMARTHOME_Program.o (strcmp)
d:/download/imt/imt_sdk_win_64/imt_sdk_win_64/winavr/bin/../lib/gcc/avr/4.3.3/../../../../avr/lib/avr5\libc.a(strlen.o)
                              ./Src/SMARTHOME_Program.o (strlen)

Allocating common symbols
Common symbol       size              file

enteredUsername     0x11              ./Src/App.o
enteredPassword     0x5               ./Src/App.o

Memory Configuration

Name             Origin             Length             Attributes
text             0x00000000         0x00020000         xr
data             0x00800060         0x0000ffa0         rw !x
eeprom           0x00810000         0x00010000         rw !x
fuse             0x00820000         0x00000400         rw !x
lock             0x00830000         0x00000400         rw !x
signature        0x00840000         0x00000400         rw !x
*default*        0x00000000         0xffffffff

Linker script and memory map

LOAD d:/download/imt/imt_sdk_win_64/imt_sdk_win_64/winavr/bin/../lib/gcc/avr/4.3.3/../../../../avr/lib/avr5/crtm32.o
LOAD ./Src/App.o
LOAD ./Src/DIO_Program.o
LOAD ./Src/EEPROM_program.o
LOAD ./Src/EXTI_Program.o
LOAD ./Src/GI_program.o
LOAD ./Src/LCD_Program.o
LOAD ./Src/LED_Program.o
LOAD ./Src/SMARTHOME_Program.o
LOAD ./Src/TIMERS_Program.o
LOAD ./Src/TWI_program.o
LOAD ./Src/UART_Prgoram.o
LOAD d:/download/imt/imt_sdk_win_64/imt_sdk_win_64/winavr/bin/../lib/gcc/avr/4.3.3/avr5\libgcc.a
LOAD d:/download/imt/imt_sdk_win_64/imt_sdk_win_64/winavr/bin/../lib/gcc/avr/4.3.3/../../../../avr/lib/avr5\libc.a
LOAD d:/download/imt/imt_sdk_win_64/imt_sdk_win_64/winavr/bin/../lib/gcc/avr/4.3.3/avr5\libgcc.a

.hash
 *(.hash)

.dynsym
 *(.dynsym)

.dynstr
 *(.dynstr)

.gnu.version
 *(.gnu.version)

.gnu.version_d
 *(.gnu.version_d)

.gnu.version_r
 *(.gnu.version_r)

.rel.init
 *(.rel.init)

.rela.init
 *(.rela.init)

.rel.text
 *(.rel.text)
 *(.rel.text.*)
 *(.rel.gnu.linkonce.t*)

.rela.text
 *(.rela.text)
 *(.rela.text.*)
 *(.rela.gnu.linkonce.t*)

.rel.fini
 *(.rel.fini)

.rela.fini
 *(.rela.fini)

.rel.rodata
 *(.rel.rodata)
 *(.rel.rodata.*)
 *(.rel.gnu.linkonce.r*)

.rela.rodata
 *(.rela.rodata)
 *(.rela.rodata.*)
 *(.rela.gnu.linkonce.r*)

.rel.data
 *(.rel.data)
 *(.rel.data.*)
 *(.rel.gnu.linkonce.d*)

.rela.data
 *(.rela.data)
 *(.rela.data.*)
 *(.rela.gnu.linkonce.d*)

.rel.ctors
 *(.rel.ctors)

.rela.ctors
 *(.rela.ctors)

.rel.dtors
 *(.rel.dtors)

.rela.dtors
 *(.rela.dtors)

.rel.got
 *(.rel.got)

.rela.got
 *(.rela.got)

.rel.bss
 *(.rel.bss)

.rela.bss
 *(.rela.bss)

.rel.plt
 *(.rel.plt)

.rela.plt
 *(.rela.plt)

.text           0x00000000     0x4cbc
 *(.vectors)
 .vectors       0x00000000       0x54 d:/download/imt/imt_sdk_win_64/imt_sdk_win_64/winavr/bin/../lib/gcc/avr/4.3.3/../../../../avr/lib/avr5/crtm32.o
                0x00000000                __vectors
                0x00000000                __vector_default
 *(.vectors)
 *(.progmem.gcc*)
 *(.progmem*)
                0x00000054                . = ALIGN (0x2)
                0x00000054                __trampolines_start = .
 *(.trampolines)
 .trampolines   0x00000054        0x0 linker stubs
 *(.trampolines*)
                0x00000054                __trampolines_end = .
 *(.jumptables)
 *(.jumptables*)
 *(.lowtext)
 *(.lowtext*)
                0x00000054                __ctors_start = .
 *(.ctors)
                0x00000054                __ctors_end = .
                0x00000054                __dtors_start = .
 *(.dtors)
                0x00000054                __dtors_end = .
 SORT(*)(.ctors)
 SORT(*)(.dtors)
 *(.init0)
 .init0         0x00000054        0x0 d:/download/imt/imt_sdk_win_64/imt_sdk_win_64/winavr/bin/../lib/gcc/avr/4.3.3/../../../../avr/lib/avr5/crtm32.o
                0x00000054                __init
 *(.init0)
 *(.init1)
 *(.init1)
 *(.init2)
 .init2         0x00000054        0xc d:/download/imt/imt_sdk_win_64/imt_sdk_win_64/winavr/bin/../lib/gcc/avr/4.3.3/../../../../avr/lib/avr5/crtm32.o
 *(.init2)
 *(.init3)
 *(.init3)
 *(.init4)
 .init4         0x00000060       0x16 d:/download/imt/imt_sdk_win_64/imt_sdk_win_64/winavr/bin/../lib/gcc/avr/4.3.3/avr5\libgcc.a(_copy_data.o)
                0x00000060                __do_copy_data
 .init4         0x00000076       0x10 d:/download/imt/imt_sdk_win_64/imt_sdk_win_64/winavr/bin/../lib/gcc/avr/4.3.3/avr5\libgcc.a(_clear_bss.o)
                0x00000076                __do_clear_bss
 *(.init4)
 *(.init5)
 *(.init5)
 *(.init6)
 *(.init6)
 *(.init7)
 *(.init7)
 *(.init8)
 *(.init8)
 *(.init9)
 .init9         0x00000086        0x8 d:/download/imt/imt_sdk_win_64/imt_sdk_win_64/winavr/bin/../lib/gcc/avr/4.3.3/../../../../avr/lib/avr5/crtm32.o
 *(.init9)
 *(.text)
 .text          0x0000008e        0x4 d:/download/imt/imt_sdk_win_64/imt_sdk_win_64/winavr/bin/../lib/gcc/avr/4.3.3/../../../../avr/lib/avr5/crtm32.o
                0x0000008e                __vector_1
                0x0000008e                __vector_12
                0x0000008e                __bad_interrupt
                0x0000008e                __vector_6
                0x0000008e                __vector_3
                0x0000008e                __vector_17
                0x0000008e                __vector_19
                0x0000008e                __vector_7
                0x0000008e                __vector_5
                0x0000008e                __vector_4
                0x0000008e                __vector_9
                0x0000008e                __vector_2
                0x0000008e                __vector_8
                0x0000008e                __vector_10
                0x0000008e                __vector_16
                0x0000008e                __vector_18
                0x0000008e                __vector_20
 .text          0x00000092        0x0 ./Src/App.o
 .text          0x00000092        0x0 ./Src/DIO_Program.o
 .text          0x00000092        0x0 ./Src/EEPROM_program.o
 .text          0x00000092        0x0 ./Src/EXTI_Program.o
 .text          0x00000092        0x0 ./Src/GI_program.o
 .text          0x00000092        0x0 ./Src/LCD_Program.o
 .text          0x00000092        0x0 ./Src/LED_Program.o
 .text          0x00000092        0x0 ./Src/SMARTHOME_Program.o
 .text          0x00000092        0x0 ./Src/TIMERS_Program.o
 .text          0x00000092        0x0 ./Src/TWI_program.o
 .text          0x00000092        0x0 ./Src/UART_Prgoram.o
 .text          0x00000092        0x0 d:/download/imt/imt_sdk_win_64/imt_sdk_win_64/winavr/bin/../lib/gcc/avr/4.3.3/avr5\libgcc.a(_mulsi3.o)
 .text          0x00000092        0x0 d:/download/imt/imt_sdk_win_64/imt_sdk_win_64/winavr/bin/../lib/gcc/avr/4.3.3/avr5\libgcc.a(_udivmodsi4.o)
 .text          0x00000092        0x0 d:/download/imt/imt_sdk_win_64/imt_sdk_win_64/winavr/bin/../lib/gcc/avr/4.3.3/avr5\libgcc.a(_exit.o)
 .text          0x00000092        0x0 d:/download/imt/imt_sdk_win_64/imt_sdk_win_64/winavr/bin/../lib/gcc/avr/4.3.3/avr5\libgcc.a(_copy_data.o)
 .text          0x00000092        0x0 d:/download/imt/imt_sdk_win_64/imt_sdk_win_64/winavr/bin/../lib/gcc/avr/4.3.3/avr5\libgcc.a(_clear_bss.o)
 .text          0x00000092       0x58 d:/download/imt/imt_sdk_win_64/imt_sdk_win_64/winavr/bin/../lib/gcc/avr/4.3.3/avr5\libgcc.a(_fixunssfsi.o)
                0x00000092                __fixunssfsi
 .text          0x000000ea      0x354 d:/download/imt/imt_sdk_win_64/imt_sdk_win_64/winavr/bin/../lib/gcc/avr/4.3.3/avr5\libgcc.a(_addsub_sf.o)
                0x00000382                __subsf3
                0x000003e4                __addsf3
 .text          0x0000043e      0x1f4 d:/download/imt/imt_sdk_win_64/imt_sdk_win_64/winavr/bin/../lib/gcc/avr/4.3.3/avr5\libgcc.a(_mul_sf.o)
                0x0000043e                __mulsf3
 .text          0x00000632       0x60 d:/download/imt/imt_sdk_win_64/imt_sdk_win_64/winavr/bin/../lib/gcc/avr/4.3.3/avr5\libgcc.a(_gt_sf.o)
                0x00000632                __gtsf2
 .text          0x00000692       0x60 d:/download/imt/imt_sdk_win_64/imt_sdk_win_64/winavr/bin/../lib/gcc/avr/4.3.3/avr5\libgcc.a(_ge_sf.o)
                0x00000692                __gesf2
 .text          0x000006f2       0x60 d:/download/imt/imt_sdk_win_64/imt_sdk_win_64/winavr/bin/../lib/gcc/avr/4.3.3/avr5\libgcc.a(_lt_sf.o)
                0x000006f2                __ltsf2
 .text          0x00000752       0xa8 d:/download/imt/imt_sdk_win_64/imt_sdk_win_64/winavr/bin/../lib/gcc/avr/4.3.3/avr5\libgcc.a(_sf_to_si.o)
                0x00000752                __fixsfsi
 .text          0x000007fa        0x0 d:/download/imt/imt_sdk_win_64/imt_sdk_win_64/winavr/bin/../lib/gcc/avr/4.3.3/avr5\libgcc.a(_thenan_sf.o)
 .text          0x000007fa        0x0 d:/download/imt/imt_sdk_win_64/imt_sdk_win_64/winavr/bin/../lib/gcc/avr/4.3.3/avr5\libgcc.a(_prologue.o)
 .text          0x000007fa        0x0 d:/download/imt/imt_sdk_win_64/imt_sdk_win_64/winavr/bin/../lib/gcc/avr/4.3.3/avr5\libgcc.a(_epilogue.o)
 .text          0x000007fa      0x1aa d:/download/imt/imt_sdk_win_64/imt_sdk_win_64/winavr/bin/../lib/gcc/avr/4.3.3/avr5\libgcc.a(_pack_sf.o)
                0x000007fa                __pack_f
 .text          0x000009a4       0xf0 d:/download/imt/imt_sdk_win_64/imt_sdk_win_64/winavr/bin/../lib/gcc/avr/4.3.3/avr5\libgcc.a(_unpack_sf.o)
                0x000009a4                __unpack_f
 .text          0x00000a94       0xb2 d:/download/imt/imt_sdk_win_64/imt_sdk_win_64/winavr/bin/../lib/gcc/avr/4.3.3/avr5\libgcc.a(_fpcmp_parts_sf.o)
                0x00000a94                __fpcmp_parts_f
 .text          0x00000b46        0x0 d:/download/imt/imt_sdk_win_64/imt_sdk_win_64/winavr/bin/../lib/gcc/avr/4.3.3/../../../../avr/lib/avr5\libc.a(strcmp.o)
 .text          0x00000b46        0x0 d:/download/imt/imt_sdk_win_64/imt_sdk_win_64/winavr/bin/../lib/gcc/avr/4.3.3/../../../../avr/lib/avr5\libc.a(strlen.o)
                0x00000b46                . = ALIGN (0x2)
 *(.text.*)
 .text.main     0x00000b46      0xa32 ./Src/App.o
                0x00000b46                main
 .text.MDIO_voidSetPinDirection
                0x00001578      0x246 ./Src/DIO_Program.o
                0x00001578                MDIO_voidSetPinDirection
 .text.MDIO_voidSetPinValue
                0x000017be      0x246 ./Src/DIO_Program.o
                0x000017be                MDIO_voidSetPinValue
 .text.MDIO_getPinValue
                0x00001a04      0x102 ./Src/DIO_Program.o
                0x00001a04                MDIO_getPinValue
 .text.MDIO_voidTogglePinValue
                0x00001b06      0x10a ./Src/DIO_Program.o
                0x00001b06                MDIO_voidTogglePinValue
 .text.MDIO_voidSetPortDirection
                0x00001c10       0x88 ./Src/DIO_Program.o
                0x00001c10                MDIO_voidSetPortDirection
 .text.MDIO_voidSetPortValue
                0x00001c98       0x88 ./Src/DIO_Program.o
                0x00001c98                MDIO_voidSetPortValue
 .text.MDIO_voidInit
                0x00001d20       0x46 ./Src/DIO_Program.o
                0x00001d20                MDIO_voidInit
 .text.EEPROM_voidSendDataByte
                0x00001d66      0x12e ./Src/EEPROM_program.o
                0x00001d66                EEPROM_voidSendDataByte
 .text.EEPROM_u8ReadDataByte
                0x00001e94       0x4a ./Src/EEPROM_program.o
                0x00001e94                EEPROM_u8ReadDataByte
 .text.MEXTI_voidConfig
                0x00001ede       0xd4 ./Src/EXTI_Program.o
                0x00001ede                MEXTI_voidConfig
 .text.MEXTI_voidEnable
                0x00001fb2       0x74 ./Src/EXTI_Program.o
                0x00001fb2                MEXTI_voidEnable
 .text.MEXTI_voidDisable
                0x00002026       0x74 ./Src/EXTI_Program.o
                0x00002026                MEXTI_voidDisable
 .text.MEXTI_voidClearFlag
                0x0000209a       0x74 ./Src/EXTI_Program.o
                0x0000209a                MEXTI_voidClearFlag
 .text.MEXTI_voidSetCallBack
                0x0000210e       0x80 ./Src/EXTI_Program.o
                0x0000210e                MEXTI_voidSetCallBack
 .text.void__vector_1
                0x0000218e       0x2a ./Src/EXTI_Program.o
                0x0000218e                void__vector_1
 .text.void__vector_2
                0x000021b8       0x2a ./Src/EXTI_Program.o
                0x000021b8                void__vector_2
 .text.void__vector_3
                0x000021e2       0x2a ./Src/EXTI_Program.o
                0x000021e2                void__vector_3
 .text.MGI_voidEnable
                0x0000220c       0x1c ./Src/GI_program.o
                0x0000220c                MGI_voidEnable
 .text.MGI_voidDisable
                0x00002228       0x1c ./Src/GI_program.o
                0x00002228                MGI_voidDisable
 .text.HLCD_voidSendCommand
                0x00002244      0x13c ./Src/LCD_Program.o
                0x00002244                HLCD_voidSendCommand
 .text.HLCD_voidSendData
                0x00002380      0x13c ./Src/LCD_Program.o
                0x00002380                HLCD_voidSendData
 .text.HLCD_voidInit
                0x000024bc      0x4e4 ./Src/LCD_Program.o
                0x000024bc                HLCD_voidInit
 .text.HLCD_voidClearDisplay
                0x000029a0      0x110 ./Src/LCD_Program.o
                0x000029a0                HLCD_voidClearDisplay
 .text.HLCD_voidDisplayString
                0x00002ab0       0x3a ./Src/LCD_Program.o
                0x00002ab0                HLCD_voidDisplayString
 .text.HLCD_voidGoToPos
                0x00002aea       0x50 ./Src/LCD_Program.o
                0x00002aea                HLCD_voidGoToPos
 .text.HLCD_voidDisplayNumber
                0x00002b3a      0x13c ./Src/LCD_Program.o
                0x00002b3a                HLCD_voidDisplayNumber
 .text.HLCD_voidSendSpecialSymbol
                0x00002c76       0x84 ./Src/LCD_Program.o
                0x00002c76                HLCD_voidSendSpecialSymbol
 .text.HLED_voidTurnOn
                0x00002cfa       0x22 ./Src/LED_Program.o
                0x00002cfa                HLED_voidTurnOn
 .text.HLED_voidTurnOff
                0x00002d1c       0x22 ./Src/LED_Program.o
                0x00002d1c                HLED_voidTurnOff
 .text.HLED_voidToggleLED
                0x00002d3e       0x2c ./Src/LED_Program.o
                0x00002d3e                HLED_voidToggleLED
 .text.VerifyCredentials
                0x00002d6a       0x7c ./Src/SMARTHOME_Program.o
                0x00002d6a                VerifyCredentials
 .text.Smart_Home
                0x00002de6     0x10b8 ./Src/SMARTHOME_Program.o
                0x00002de6                Smart_Home
 .text.Display_Menu
                0x00003e9e       0x36 ./Src/SMARTHOME_Program.o
                0x00003e9e                Display_Menu
 .text.Display_WelcomeMessage
                0x00003ed4      0x11e ./Src/SMARTHOME_Program.o
                0x00003ed4                Display_WelcomeMessage
 .text.BuzzerOn
                0x00003ff2       0x2a ./Src/SMARTHOME_Program.o
                0x00003ff2                BuzzerOn
 .text.BuzzerOff
                0x0000401c       0x18 ./Src/SMARTHOME_Program.o
                0x0000401c                BuzzerOff
 .text.MTIMER0_voidInit
                0x00004034       0x6a ./Src/TIMERS_Program.o
                0x00004034                MTIMER0_voidInit
 .text.MTIMER0_voidSetPreloadValue
                0x0000409e       0x1c ./Src/TIMERS_Program.o
                0x0000409e                MTIMER0_voidSetPreloadValue
 .text.MTIMER0_voidSetOVFCallback
                0x000040ba       0x2c ./Src/TIMERS_Program.o
                0x000040ba                MTIMER0_voidSetOVFCallback
 .text.__vector_11
                0x000040e6       0x66 ./Src/TIMERS_Program.o
                0x000040e6                __vector_11
 .text.MTIMER0_voidSetCTCCallback
                0x0000414c       0x2c ./Src/TIMERS_Program.o
                0x0000414c                MTIMER0_voidSetCTCCallback
 .text.MTIMER0_voidSetOCR0Value
                0x00004178       0x1c ./Src/TIMERS_Program.o
                0x00004178                MTIMER0_voidSetOCR0Value
 .text.MTIMER0_voidStopTimer
                0x00004194       0x1c ./Src/TIMERS_Program.o
                0x00004194                MTIMER0_voidStopTimer
 .text.MTIMER1_voidInit
                0x000041b0       0xa4 ./Src/TIMERS_Program.o
                0x000041b0                MTIMER1_voidInit
 .text.MTIMER1_voidSetOCR1AValue
                0x00004254       0x24 ./Src/TIMERS_Program.o
                0x00004254                MTIMER1_voidSetOCR1AValue
 .text.MTIMER1_voidICUSWInit
                0x00004278       0x38 ./Src/TIMERS_Program.o
                0x00004278                MTIMER1_voidICUSWInit
 .text.MTIMER1_voidSetTimer1Value
                0x000042b0       0x24 ./Src/TIMERS_Program.o
                0x000042b0                MTIMER1_voidSetTimer1Value
 .text.MTIMER1_u16ReadTimer1Value
                0x000042d4       0x16 ./Src/TIMERS_Program.o
                0x000042d4                MTIMER1_u16ReadTimer1Value
 .text.TWI_voidInitMaster
                0x000042ea       0x64 ./Src/TWI_program.o
                0x000042ea                TWI_voidInitMaster
 .text.TWI_voidInitSlave
                0x0000434e       0x3a ./Src/TWI_program.o
                0x0000434e                TWI_voidInitSlave
 .text.TWI_ErrorStatusSendStartConditionWithACK
                0x00004388       0x54 ./Src/TWI_program.o
                0x00004388                TWI_ErrorStatusSendStartConditionWithACK
 .text.TWI_ErrorStatusSendRepeatedStartConditionWithACK
                0x000043dc       0x46 ./Src/TWI_program.o
                0x000043dc                TWI_ErrorStatusSendRepeatedStartConditionWithACK
 .text.TWI_ErrorStatusSendSlaveAddressWithWriteACK
                0x00004422       0x70 ./Src/TWI_program.o
                0x00004422                TWI_ErrorStatusSendSlaveAddressWithWriteACK
 .text.TWI_ErrorStatusSendSlaveAddressWithReadACK
                0x00004492       0x70 ./Src/TWI_program.o
                0x00004492                TWI_ErrorStatusSendSlaveAddressWithReadACK
 .text.TWI_ErrorStatusMasterWriteDataByteWithACK
                0x00004502       0x52 ./Src/TWI_program.o
                0x00004502                TWI_ErrorStatusMasterWriteDataByteWithACK
 .text.TWI_ErrorStatusMasterReadDataByteWithACK
                0x00004554       0x5e ./Src/TWI_program.o
                0x00004554                TWI_ErrorStatusMasterReadDataByteWithACK
 .text.TWI_voidSendStopCondition
                0x000045b2       0x2a ./Src/TWI_program.o
                0x000045b2                TWI_voidSendStopCondition
 .text.MUART_voidInit
                0x000045dc       0x64 ./Src/UART_Prgoram.o
                0x000045dc                MUART_voidInit
 .text.MUART_voidSendByteSyncBlocking
                0x00004640       0x5a ./Src/UART_Prgoram.o
                0x00004640                MUART_voidSendByteSyncBlocking
 .text.MUART_voidSendByteSyncNonBlocking
                0x0000469a       0xee ./Src/UART_Prgoram.o
                0x0000469a                MUART_voidSendByteSyncNonBlocking
 .text.MUART_voidSendStringSyncNonBlocking
                0x00004788       0x3a ./Src/UART_Prgoram.o
                0x00004788                MUART_voidSendStringSyncNonBlocking
 .text.MUART_voidSendByteAsync
                0x000047c2       0x34 ./Src/UART_Prgoram.o
                0x000047c2                MUART_voidSendByteAsync
 .text.MUART_voidReceiveStringSync
                0x000047f6       0x5c ./Src/UART_Prgoram.o
                0x000047f6                MUART_voidReceiveStringSync
 .text.MUART_u8ReadByteSyncBlocking
                0x00004852       0x1e ./Src/UART_Prgoram.o
                0x00004852                MUART_u8ReadByteSyncBlocking
 .text.MUART_u8ReadByteAsync
                0x00004870       0x14 ./Src/UART_Prgoram.o
                0x00004870                MUART_u8ReadByteAsync
 .text.MUART_u8ReadByteSyncNonBlocking
                0x00004884       0x58 ./Src/UART_Prgoram.o
                0x00004884                MUART_u8ReadByteSyncNonBlocking
 .text.MUART_VoidSendNumber
                0x000048dc      0x152 ./Src/UART_Prgoram.o
                0x000048dc                MUART_VoidSendNumber
 .text.MUART_voidSetCallBack
                0x00004a2e       0x44 ./Src/UART_Prgoram.o
                0x00004a2e                MUART_voidSetCallBack
 .text.__vector_13
                0x00004a72       0x66 ./Src/UART_Prgoram.o
                0x00004a72                __vector_13
 .text.__vector_14
                0x00004ad8       0x66 ./Src/UART_Prgoram.o
                0x00004ad8                __vector_14
 .text.__vector_15
                0x00004b3e       0x66 ./Src/UART_Prgoram.o
                0x00004b3e                __vector_15
 .text.libgcc   0x00004ba4       0x3e d:/download/imt/imt_sdk_win_64/imt_sdk_win_64/winavr/bin/../lib/gcc/avr/4.3.3/avr5\libgcc.a(_mulsi3.o)
                0x00004ba4                __mulsi3
 .text.libgcc   0x00004be2       0x44 d:/download/imt/imt_sdk_win_64/imt_sdk_win_64/winavr/bin/../lib/gcc/avr/4.3.3/avr5\libgcc.a(_udivmodsi4.o)
                0x00004be2                __udivmodsi4
 .text.libgcc   0x00004c26        0x0 d:/download/imt/imt_sdk_win_64/imt_sdk_win_64/winavr/bin/../lib/gcc/avr/4.3.3/avr5\libgcc.a(_exit.o)
 .text.libgcc   0x00004c26        0x0 d:/download/imt/imt_sdk_win_64/imt_sdk_win_64/winavr/bin/../lib/gcc/avr/4.3.3/avr5\libgcc.a(_copy_data.o)
 .text.libgcc   0x00004c26        0x0 d:/download/imt/imt_sdk_win_64/imt_sdk_win_64/winavr/bin/../lib/gcc/avr/4.3.3/avr5\libgcc.a(_clear_bss.o)
 .text.libgcc   0x00004c26       0x38 d:/download/imt/imt_sdk_win_64/imt_sdk_win_64/winavr/bin/../lib/gcc/avr/4.3.3/avr5\libgcc.a(_prologue.o)
                0x00004c26                __prologue_saves__
 .text.libgcc   0x00004c5e       0x36 d:/download/imt/imt_sdk_win_64/imt_sdk_win_64/winavr/bin/../lib/gcc/avr/4.3.3/avr5\libgcc.a(_epilogue.o)
                0x00004c5e                __epilogue_restores__
 .text.avr-libc
                0x00004c94       0x12 d:/download/imt/imt_sdk_win_64/imt_sdk_win_64/winavr/bin/../lib/gcc/avr/4.3.3/../../../../avr/lib/avr5\libc.a(strcmp.o)
                0x00004c94                strcmp
 .text.avr-libc
                0x00004ca6       0x12 d:/download/imt/imt_sdk_win_64/imt_sdk_win_64/winavr/bin/../lib/gcc/avr/4.3.3/../../../../avr/lib/avr5\libc.a(strlen.o)
                0x00004ca6                strlen
                0x00004cb8                . = ALIGN (0x2)
 *(.fini9)
 .fini9         0x00004cb8        0x0 d:/download/imt/imt_sdk_win_64/imt_sdk_win_64/winavr/bin/../lib/gcc/avr/4.3.3/avr5\libgcc.a(_exit.o)
                0x00004cb8                exit
                0x00004cb8                _exit
 *(.fini9)
 *(.fini8)
 *(.fini8)
 *(.fini7)
 *(.fini7)
 *(.fini6)
 *(.fini6)
 *(.fini5)
 *(.fini5)
 *(.fini4)
 *(.fini4)
 *(.fini3)
 *(.fini3)
 *(.fini2)
 *(.fini2)
 *(.fini1)
 *(.fini1)
 *(.fini0)
 .fini0         0x00004cb8        0x4 d:/download/imt/imt_sdk_win_64/imt_sdk_win_64/winavr/bin/../lib/gcc/avr/4.3.3/avr5\libgcc.a(_exit.o)
 *(.fini0)
                0x00004cbc                _etext = .

.data           0x00800060      0x488 load address 0x00004cbc
                0x00800060                PROVIDE (__data_start, .)
 *(.data)
 .data          0x00800060        0x0 d:/download/imt/imt_sdk_win_64/imt_sdk_win_64/winavr/bin/../lib/gcc/avr/4.3.3/../../../../avr/lib/avr5/crtm32.o
 .data          0x00800060       0x94 ./Src/App.o
 .data          0x008000f4        0x0 ./Src/DIO_Program.o
 .data          0x008000f4        0x0 ./Src/EEPROM_program.o
 .data          0x008000f4        0x0 ./Src/EXTI_Program.o
 .data          0x008000f4        0x0 ./Src/GI_program.o
 .data          0x008000f4        0x0 ./Src/LCD_Program.o
 .data          0x008000f4        0x0 ./Src/LED_Program.o
 .data          0x008000f4      0x30d ./Src/SMARTHOME_Program.o
 .data          0x00800401        0x0 ./Src/TIMERS_Program.o
 .data          0x00800401        0x0 ./Src/TWI_program.o
 .data          0x00800401        0x0 ./Src/UART_Prgoram.o
 .data          0x00800401        0x0 d:/download/imt/imt_sdk_win_64/imt_sdk_win_64/winavr/bin/../lib/gcc/avr/4.3.3/avr5\libgcc.a(_mulsi3.o)
 .data          0x00800401        0x0 d:/download/imt/imt_sdk_win_64/imt_sdk_win_64/winavr/bin/../lib/gcc/avr/4.3.3/avr5\libgcc.a(_udivmodsi4.o)
 .data          0x00800401        0x0 d:/download/imt/imt_sdk_win_64/imt_sdk_win_64/winavr/bin/../lib/gcc/avr/4.3.3/avr5\libgcc.a(_exit.o)
 .data          0x00800401        0x0 d:/download/imt/imt_sdk_win_64/imt_sdk_win_64/winavr/bin/../lib/gcc/avr/4.3.3/avr5\libgcc.a(_copy_data.o)
 .data          0x00800401        0x0 d:/download/imt/imt_sdk_win_64/imt_sdk_win_64/winavr/bin/../lib/gcc/avr/4.3.3/avr5\libgcc.a(_clear_bss.o)
 .data          0x00800401        0x0 d:/download/imt/imt_sdk_win_64/imt_sdk_win_64/winavr/bin/../lib/gcc/avr/4.3.3/avr5\libgcc.a(_fixunssfsi.o)
 .data          0x00800401        0x0 d:/download/imt/imt_sdk_win_64/imt_sdk_win_64/winavr/bin/../lib/gcc/avr/4.3.3/avr5\libgcc.a(_addsub_sf.o)
 .data          0x00800401        0x0 d:/download/imt/imt_sdk_win_64/imt_sdk_win_64/winavr/bin/../lib/gcc/avr/4.3.3/avr5\libgcc.a(_mul_sf.o)
 .data          0x00800401        0x0 d:/download/imt/imt_sdk_win_64/imt_sdk_win_64/winavr/bin/../lib/gcc/avr/4.3.3/avr5\libgcc.a(_gt_sf.o)
 .data          0x00800401        0x0 d:/download/imt/imt_sdk_win_64/imt_sdk_win_64/winavr/bin/../lib/gcc/avr/4.3.3/avr5\libgcc.a(_ge_sf.o)
 .data          0x00800401        0x0 d:/download/imt/imt_sdk_win_64/imt_sdk_win_64/winavr/bin/../lib/gcc/avr/4.3.3/avr5\libgcc.a(_lt_sf.o)
 .data          0x00800401        0x0 d:/download/imt/imt_sdk_win_64/imt_sdk_win_64/winavr/bin/../lib/gcc/avr/4.3.3/avr5\libgcc.a(_sf_to_si.o)
 .data          0x00800401        0x8 d:/download/imt/imt_sdk_win_64/imt_sdk_win_64/winavr/bin/../lib/gcc/avr/4.3.3/avr5\libgcc.a(_thenan_sf.o)
                0x00800401                __thenan_sf
 .data          0x00800409        0x0 d:/download/imt/imt_sdk_win_64/imt_sdk_win_64/winavr/bin/../lib/gcc/avr/4.3.3/avr5\libgcc.a(_prologue.o)
 .data          0x00800409        0x0 d:/download/imt/imt_sdk_win_64/imt_sdk_win_64/winavr/bin/../lib/gcc/avr/4.3.3/avr5\libgcc.a(_epilogue.o)
 .data          0x00800409        0x0 d:/download/imt/imt_sdk_win_64/imt_sdk_win_64/winavr/bin/../lib/gcc/avr/4.3.3/avr5\libgcc.a(_pack_sf.o)
 .data          0x00800409        0x0 d:/download/imt/imt_sdk_win_64/imt_sdk_win_64/winavr/bin/../lib/gcc/avr/4.3.3/avr5\libgcc.a(_unpack_sf.o)
 .data          0x00800409        0x0 d:/download/imt/imt_sdk_win_64/imt_sdk_win_64/winavr/bin/../lib/gcc/avr/4.3.3/avr5\libgcc.a(_fpcmp_parts_sf.o)
 .data          0x00800409        0x0 d:/download/imt/imt_sdk_win_64/imt_sdk_win_64/winavr/bin/../lib/gcc/avr/4.3.3/../../../../avr/lib/avr5\libc.a(strcmp.o)
 .data          0x00800409        0x0 d:/download/imt/imt_sdk_win_64/imt_sdk_win_64/winavr/bin/../lib/gcc/avr/4.3.3/../../../../avr/lib/avr5\libc.a(strlen.o)
 *(.data*)
 .data.validUsers
                0x00800409       0xdc ./Src/App.o
                0x00800409                validUsers
 .data.local_u8ReceivedData
                0x008004e5        0x1 ./Src/App.o
                0x008004e5                local_u8ReceivedData
 .data.attempts
                0x008004e6        0x2 ./Src/App.o
                0x008004e6                attempts
 *(.rodata)
 *(.rodata*)
 *(.gnu.linkonce.d*)
                0x008004e8                . = ALIGN (0x2)
                0x008004e8                _edata = .
                0x008004e8                PROVIDE (__data_end, .)

.bss            0x008004e8       0x26
                0x008004e8                PROVIDE (__bss_start, .)
 *(.bss)
 .bss           0x008004e8        0x0 d:/download/imt/imt_sdk_win_64/imt_sdk_win_64/winavr/bin/../lib/gcc/avr/4.3.3/../../../../avr/lib/avr5/crtm32.o
 .bss           0x008004e8        0x0 ./Src/App.o
 .bss           0x008004e8        0x0 ./Src/DIO_Program.o
 .bss           0x008004e8        0x0 ./Src/EEPROM_program.o
 .bss           0x008004e8        0x0 ./Src/EXTI_Program.o
 .bss           0x008004e8        0x0 ./Src/GI_program.o
 .bss           0x008004e8        0x0 ./Src/LCD_Program.o
 .bss           0x008004e8        0x0 ./Src/LED_Program.o
 .bss           0x008004e8        0x0 ./Src/SMARTHOME_Program.o
 .bss           0x008004e8        0x0 ./Src/TIMERS_Program.o
 .bss           0x008004e8        0x0 ./Src/TWI_program.o
 .bss           0x008004e8        0x0 ./Src/UART_Prgoram.o
 .bss           0x008004e8        0x0 d:/download/imt/imt_sdk_win_64/imt_sdk_win_64/winavr/bin/../lib/gcc/avr/4.3.3/avr5\libgcc.a(_mulsi3.o)
 .bss           0x008004e8        0x0 d:/download/imt/imt_sdk_win_64/imt_sdk_win_64/winavr/bin/../lib/gcc/avr/4.3.3/avr5\libgcc.a(_udivmodsi4.o)
 .bss           0x008004e8        0x0 d:/download/imt/imt_sdk_win_64/imt_sdk_win_64/winavr/bin/../lib/gcc/avr/4.3.3/avr5\libgcc.a(_exit.o)
 .bss           0x008004e8        0x0 d:/download/imt/imt_sdk_win_64/imt_sdk_win_64/winavr/bin/../lib/gcc/avr/4.3.3/avr5\libgcc.a(_copy_data.o)
 .bss           0x008004e8        0x0 d:/download/imt/imt_sdk_win_64/imt_sdk_win_64/winavr/bin/../lib/gcc/avr/4.3.3/avr5\libgcc.a(_clear_bss.o)
 .bss           0x008004e8        0x0 d:/download/imt/imt_sdk_win_64/imt_sdk_win_64/winavr/bin/../lib/gcc/avr/4.3.3/avr5\libgcc.a(_fixunssfsi.o)
 .bss           0x008004e8        0x0 d:/download/imt/imt_sdk_win_64/imt_sdk_win_64/winavr/bin/../lib/gcc/avr/4.3.3/avr5\libgcc.a(_addsub_sf.o)
 .bss           0x008004e8        0x0 d:/download/imt/imt_sdk_win_64/imt_sdk_win_64/winavr/bin/../lib/gcc/avr/4.3.3/avr5\libgcc.a(_mul_sf.o)
 .bss           0x008004e8        0x0 d:/download/imt/imt_sdk_win_64/imt_sdk_win_64/winavr/bin/../lib/gcc/avr/4.3.3/avr5\libgcc.a(_gt_sf.o)
 .bss           0x008004e8        0x0 d:/download/imt/imt_sdk_win_64/imt_sdk_win_64/winavr/bin/../lib/gcc/avr/4.3.3/avr5\libgcc.a(_ge_sf.o)
 .bss           0x008004e8        0x0 d:/download/imt/imt_sdk_win_64/imt_sdk_win_64/winavr/bin/../lib/gcc/avr/4.3.3/avr5\libgcc.a(_lt_sf.o)
 .bss           0x008004e8        0x0 d:/download/imt/imt_sdk_win_64/imt_sdk_win_64/winavr/bin/../lib/gcc/avr/4.3.3/avr5\libgcc.a(_sf_to_si.o)
 .bss           0x008004e8        0x0 d:/download/imt/imt_sdk_win_64/imt_sdk_win_64/winavr/bin/../lib/gcc/avr/4.3.3/avr5\libgcc.a(_thenan_sf.o)
 .bss           0x008004e8        0x0 d:/download/imt/imt_sdk_win_64/imt_sdk_win_64/winavr/bin/../lib/gcc/avr/4.3.3/avr5\libgcc.a(_prologue.o)
 .bss           0x008004e8        0x0 d:/download/imt/imt_sdk_win_64/imt_sdk_win_64/winavr/bin/../lib/gcc/avr/4.3.3/avr5\libgcc.a(_epilogue.o)
 .bss           0x008004e8        0x0 d:/download/imt/imt_sdk_win_64/imt_sdk_win_64/winavr/bin/../lib/gcc/avr/4.3.3/avr5\libgcc.a(_pack_sf.o)
 .bss           0x008004e8        0x0 d:/download/imt/imt_sdk_win_64/imt_sdk_win_64/winavr/bin/../lib/gcc/avr/4.3.3/avr5\libgcc.a(_unpack_sf.o)
 .bss           0x008004e8        0x0 d:/download/imt/imt_sdk_win_64/imt_sdk_win_64/winavr/bin/../lib/gcc/avr/4.3.3/avr5\libgcc.a(_fpcmp_parts_sf.o)
 .bss           0x008004e8        0x0 d:/download/imt/imt_sdk_win_64/imt_sdk_win_64/winavr/bin/../lib/gcc/avr/4.3.3/../../../../avr/lib/avr5\libc.a(strcmp.o)
 .bss           0x008004e8        0x0 d:/download/imt/imt_sdk_win_64/imt_sdk_win_64/winavr/bin/../lib/gcc/avr/4.3.3/../../../../avr/lib/avr5\libc.a(strlen.o)
 *(.bss*)
 .bss.EXTI0_Callback
                0x008004e8        0x2 ./Src/EXTI_Program.o
                0x008004e8                EXTI0_Callback
 .bss.EXTI1_Callback
                0x008004ea        0x2 ./Src/EXTI_Program.o
                0x008004ea                EXTI1_Callback
 .bss.EXTI2_Callback
                0x008004ec        0x2 ./Src/EXTI_Program.o
                0x008004ec                EXTI2_Callback
 .bss.TIMER0_OVF_CALLBACK
                0x008004ee        0x2 ./Src/TIMERS_Program.o
                0x008004ee                TIMER0_OVF_CALLBACK
 .bss.TIMER0_CTC_CALLBACK
                0x008004f0        0x2 ./Src/TIMERS_Program.o
                0x008004f0                TIMER0_CTC_CALLBACK
 .bss.FuncPtr   0x008004f2        0x6 ./Src/UART_Prgoram.o
 *(COMMON)
 COMMON         0x008004f8       0x16 ./Src/App.o
                0x008004f8                enteredUsername
                0x00800509                enteredPassword
                0x0080050e                PROVIDE (__bss_end, .)
                0x00004cbc                __data_load_start = LOADADDR (.data)
                0x00005144                __data_load_end = (__data_load_start + SIZEOF (.data))

.noinit         0x0080050e        0x0
                0x0080050e                PROVIDE (__noinit_start, .)
 *(.noinit*)
                0x0080050e                PROVIDE (__noinit_end, .)
                0x0080050e                _end = .
                0x0080050e                PROVIDE (__heap_start, .)

.eeprom         0x00810000        0x0
 *(.eeprom*)
                0x00810000                __eeprom_end = .

.fuse
 *(.fuse)
 *(.lfuse)
 *(.hfuse)
 *(.efuse)

.lock
 *(.lock*)

.signature
 *(.signature*)

.stab           0x00000000     0x4908
 *(.stab)
 .stab          0x00000000      0xc54 ./Src/App.o
 .stab          0x00000c54      0x594 ./Src/DIO_Program.o
                                0x684 (size before relaxing)
 .stab          0x000011e8      0x36c ./Src/EEPROM_program.o
                                0x5e8 (size before relaxing)
 .stab          0x00001554      0x4e0 ./Src/EXTI_Program.o
                                0x4ec (size before relaxing)
 .stab          0x00001a34      0x144 ./Src/GI_program.o
                                0x1c8 (size before relaxing)
 .stab          0x00001b78      0xa8c ./Src/LCD_Program.o
                                0xd5c (size before relaxing)
 .stab          0x00002604      0x1ec ./Src/LED_Program.o
                                0x468 (size before relaxing)
 .stab          0x000027f0      0xec4 ./Src/SMARTHOME_Program.o
                               0x1218 (size before relaxing)
 .stab          0x000036b4      0x480 ./Src/TIMERS_Program.o
                                0x504 (size before relaxing)
 .stab          0x00003b34      0x600 ./Src/TWI_program.o
                                0x6a8 (size before relaxing)
 .stab          0x00004134      0x7d4 ./Src/UART_Prgoram.o
                                0x9e4 (size before relaxing)

.stabstr        0x00000000     0x2066
 *(.stabstr)
 .stabstr       0x00000000     0x2066 ./Src/App.o

.stab.excl
 *(.stab.excl)

.stab.exclstr
 *(.stab.exclstr)

.stab.index
 *(.stab.index)

.stab.indexstr
 *(.stab.indexstr)

.comment
 *(.comment)

.debug
 *(.debug)

.line
 *(.line)

.debug_srcinfo
 *(.debug_srcinfo)

.debug_sfnames
 *(.debug_sfnames)

.debug_aranges  0x00000000      0x140
 *(.debug_aranges)
 .debug_aranges
                0x00000000       0x20 d:/download/imt/imt_sdk_win_64/imt_sdk_win_64/winavr/bin/../lib/gcc/avr/4.3.3/avr5\libgcc.a(_fixunssfsi.o)
 .debug_aranges
                0x00000020       0x20 d:/download/imt/imt_sdk_win_64/imt_sdk_win_64/winavr/bin/../lib/gcc/avr/4.3.3/avr5\libgcc.a(_addsub_sf.o)
 .debug_aranges
                0x00000040       0x20 d:/download/imt/imt_sdk_win_64/imt_sdk_win_64/winavr/bin/../lib/gcc/avr/4.3.3/avr5\libgcc.a(_mul_sf.o)
 .debug_aranges
                0x00000060       0x20 d:/download/imt/imt_sdk_win_64/imt_sdk_win_64/winavr/bin/../lib/gcc/avr/4.3.3/avr5\libgcc.a(_gt_sf.o)
 .debug_aranges
                0x00000080       0x20 d:/download/imt/imt_sdk_win_64/imt_sdk_win_64/winavr/bin/../lib/gcc/avr/4.3.3/avr5\libgcc.a(_ge_sf.o)
 .debug_aranges
                0x000000a0       0x20 d:/download/imt/imt_sdk_win_64/imt_sdk_win_64/winavr/bin/../lib/gcc/avr/4.3.3/avr5\libgcc.a(_lt_sf.o)
 .debug_aranges
                0x000000c0       0x20 d:/download/imt/imt_sdk_win_64/imt_sdk_win_64/winavr/bin/../lib/gcc/avr/4.3.3/avr5\libgcc.a(_sf_to_si.o)
 .debug_aranges
                0x000000e0       0x20 d:/download/imt/imt_sdk_win_64/imt_sdk_win_64/winavr/bin/../lib/gcc/avr/4.3.3/avr5\libgcc.a(_pack_sf.o)
 .debug_aranges
                0x00000100       0x20 d:/download/imt/imt_sdk_win_64/imt_sdk_win_64/winavr/bin/../lib/gcc/avr/4.3.3/avr5\libgcc.a(_unpack_sf.o)
 .debug_aranges
                0x00000120       0x20 d:/download/imt/imt_sdk_win_64/imt_sdk_win_64/winavr/bin/../lib/gcc/avr/4.3.3/avr5\libgcc.a(_fpcmp_parts_sf.o)

.debug_pubnames
                0x00000000      0x170
 *(.debug_pubnames)
 .debug_pubnames
                0x00000000       0x23 d:/download/imt/imt_sdk_win_64/imt_sdk_win_64/winavr/bin/../lib/gcc/avr/4.3.3/avr5\libgcc.a(_fixunssfsi.o)
 .debug_pubnames
                0x00000023       0x2c d:/download/imt/imt_sdk_win_64/imt_sdk_win_64/winavr/bin/../lib/gcc/avr/4.3.3/avr5\libgcc.a(_addsub_sf.o)
 .debug_pubnames
                0x0000004f       0x1f d:/download/imt/imt_sdk_win_64/imt_sdk_win_64/winavr/bin/../lib/gcc/avr/4.3.3/avr5\libgcc.a(_mul_sf.o)
 .debug_pubnames
                0x0000006e       0x1e d:/download/imt/imt_sdk_win_64/imt_sdk_win_64/winavr/bin/../lib/gcc/avr/4.3.3/avr5\libgcc.a(_gt_sf.o)
 .debug_pubnames
                0x0000008c       0x1e d:/download/imt/imt_sdk_win_64/imt_sdk_win_64/winavr/bin/../lib/gcc/avr/4.3.3/avr5\libgcc.a(_ge_sf.o)
 .debug_pubnames
                0x000000aa       0x1e d:/download/imt/imt_sdk_win_64/imt_sdk_win_64/winavr/bin/../lib/gcc/avr/4.3.3/avr5\libgcc.a(_lt_sf.o)
 .debug_pubnames
                0x000000c8       0x20 d:/download/imt/imt_sdk_win_64/imt_sdk_win_64/winavr/bin/../lib/gcc/avr/4.3.3/avr5\libgcc.a(_sf_to_si.o)
 .debug_pubnames
                0x000000e8       0x22 d:/download/imt/imt_sdk_win_64/imt_sdk_win_64/winavr/bin/../lib/gcc/avr/4.3.3/avr5\libgcc.a(_thenan_sf.o)
 .debug_pubnames
                0x0000010a       0x1f d:/download/imt/imt_sdk_win_64/imt_sdk_win_64/winavr/bin/../lib/gcc/avr/4.3.3/avr5\libgcc.a(_pack_sf.o)
 .debug_pubnames
                0x00000129       0x21 d:/download/imt/imt_sdk_win_64/imt_sdk_win_64/winavr/bin/../lib/gcc/avr/4.3.3/avr5\libgcc.a(_unpack_sf.o)
 .debug_pubnames
                0x0000014a       0x26 d:/download/imt/imt_sdk_win_64/imt_sdk_win_64/winavr/bin/../lib/gcc/avr/4.3.3/avr5\libgcc.a(_fpcmp_parts_sf.o)

.debug_info     0x00000000     0x1c49
 *(.debug_info)
 .debug_info    0x00000000       0xb1 d:/download/imt/imt_sdk_win_64/imt_sdk_win_64/winavr/bin/../lib/gcc/avr/4.3.3/avr5\libgcc.a(_fixunssfsi.o)
 .debug_info    0x000000b1      0x47a d:/download/imt/imt_sdk_win_64/imt_sdk_win_64/winavr/bin/../lib/gcc/avr/4.3.3/avr5\libgcc.a(_addsub_sf.o)
 .debug_info    0x0000052b      0x485 d:/download/imt/imt_sdk_win_64/imt_sdk_win_64/winavr/bin/../lib/gcc/avr/4.3.3/avr5\libgcc.a(_mul_sf.o)
 .debug_info    0x000009b0      0x27f d:/download/imt/imt_sdk_win_64/imt_sdk_win_64/winavr/bin/../lib/gcc/avr/4.3.3/avr5\libgcc.a(_gt_sf.o)
 .debug_info    0x00000c2f      0x27f d:/download/imt/imt_sdk_win_64/imt_sdk_win_64/winavr/bin/../lib/gcc/avr/4.3.3/avr5\libgcc.a(_ge_sf.o)
 .debug_info    0x00000eae      0x27f d:/download/imt/imt_sdk_win_64/imt_sdk_win_64/winavr/bin/../lib/gcc/avr/4.3.3/avr5\libgcc.a(_lt_sf.o)
 .debug_info    0x0000112d      0x2b0 d:/download/imt/imt_sdk_win_64/imt_sdk_win_64/winavr/bin/../lib/gcc/avr/4.3.3/avr5\libgcc.a(_sf_to_si.o)
 .debug_info    0x000013dd      0x12c d:/download/imt/imt_sdk_win_64/imt_sdk_win_64/winavr/bin/../lib/gcc/avr/4.3.3/avr5\libgcc.a(_thenan_sf.o)
 .debug_info    0x00001509      0x2df d:/download/imt/imt_sdk_win_64/imt_sdk_win_64/winavr/bin/../lib/gcc/avr/4.3.3/avr5\libgcc.a(_pack_sf.o)
 .debug_info    0x000017e8      0x251 d:/download/imt/imt_sdk_win_64/imt_sdk_win_64/winavr/bin/../lib/gcc/avr/4.3.3/avr5\libgcc.a(_unpack_sf.o)
 .debug_info    0x00001a39      0x210 d:/download/imt/imt_sdk_win_64/imt_sdk_win_64/winavr/bin/../lib/gcc/avr/4.3.3/avr5\libgcc.a(_fpcmp_parts_sf.o)
 *(.gnu.linkonce.wi.*)

.debug_abbrev   0x00000000      0xeeb
 *(.debug_abbrev)
 .debug_abbrev  0x00000000       0x5d d:/download/imt/imt_sdk_win_64/imt_sdk_win_64/winavr/bin/../lib/gcc/avr/4.3.3/avr5\libgcc.a(_fixunssfsi.o)
 .debug_abbrev  0x0000005d      0x1ea d:/download/imt/imt_sdk_win_64/imt_sdk_win_64/winavr/bin/../lib/gcc/avr/4.3.3/avr5\libgcc.a(_addsub_sf.o)
 .debug_abbrev  0x00000247      0x21b d:/download/imt/imt_sdk_win_64/imt_sdk_win_64/winavr/bin/../lib/gcc/avr/4.3.3/avr5\libgcc.a(_mul_sf.o)
 .debug_abbrev  0x00000462      0x15a d:/download/imt/imt_sdk_win_64/imt_sdk_win_64/winavr/bin/../lib/gcc/avr/4.3.3/avr5\libgcc.a(_gt_sf.o)
 .debug_abbrev  0x000005bc      0x15a d:/download/imt/imt_sdk_win_64/imt_sdk_win_64/winavr/bin/../lib/gcc/avr/4.3.3/avr5\libgcc.a(_ge_sf.o)
 .debug_abbrev  0x00000716      0x15a d:/download/imt/imt_sdk_win_64/imt_sdk_win_64/winavr/bin/../lib/gcc/avr/4.3.3/avr5\libgcc.a(_lt_sf.o)
 .debug_abbrev  0x00000870      0x17f d:/download/imt/imt_sdk_win_64/imt_sdk_win_64/winavr/bin/../lib/gcc/avr/4.3.3/avr5\libgcc.a(_sf_to_si.o)
 .debug_abbrev  0x000009ef       0xad d:/download/imt/imt_sdk_win_64/imt_sdk_win_64/winavr/bin/../lib/gcc/avr/4.3.3/avr5\libgcc.a(_thenan_sf.o)
 .debug_abbrev  0x00000a9c      0x1c0 d:/download/imt/imt_sdk_win_64/imt_sdk_win_64/winavr/bin/../lib/gcc/avr/4.3.3/avr5\libgcc.a(_pack_sf.o)
 .debug_abbrev  0x00000c5c      0x154 d:/download/imt/imt_sdk_win_64/imt_sdk_win_64/winavr/bin/../lib/gcc/avr/4.3.3/avr5\libgcc.a(_unpack_sf.o)
 .debug_abbrev  0x00000db0      0x13b d:/download/imt/imt_sdk_win_64/imt_sdk_win_64/winavr/bin/../lib/gcc/avr/4.3.3/avr5\libgcc.a(_fpcmp_parts_sf.o)

.debug_line     0x00000000      0xdad
 *(.debug_line)
 .debug_line    0x00000000       0xa7 d:/download/imt/imt_sdk_win_64/imt_sdk_win_64/winavr/bin/../lib/gcc/avr/4.3.3/avr5\libgcc.a(_fixunssfsi.o)
 .debug_line    0x000000a7      0x2af d:/download/imt/imt_sdk_win_64/imt_sdk_win_64/winavr/bin/../lib/gcc/avr/4.3.3/avr5\libgcc.a(_addsub_sf.o)
 .debug_line    0x00000356      0x239 d:/download/imt/imt_sdk_win_64/imt_sdk_win_64/winavr/bin/../lib/gcc/avr/4.3.3/avr5\libgcc.a(_mul_sf.o)
 .debug_line    0x0000058f       0xd3 d:/download/imt/imt_sdk_win_64/imt_sdk_win_64/winavr/bin/../lib/gcc/avr/4.3.3/avr5\libgcc.a(_gt_sf.o)
 .debug_line    0x00000662       0xd3 d:/download/imt/imt_sdk_win_64/imt_sdk_win_64/winavr/bin/../lib/gcc/avr/4.3.3/avr5\libgcc.a(_ge_sf.o)
 .debug_line    0x00000735       0xd3 d:/download/imt/imt_sdk_win_64/imt_sdk_win_64/winavr/bin/../lib/gcc/avr/4.3.3/avr5\libgcc.a(_lt_sf.o)
 .debug_line    0x00000808      0x109 d:/download/imt/imt_sdk_win_64/imt_sdk_win_64/winavr/bin/../lib/gcc/avr/4.3.3/avr5\libgcc.a(_sf_to_si.o)
 .debug_line    0x00000911       0x90 d:/download/imt/imt_sdk_win_64/imt_sdk_win_64/winavr/bin/../lib/gcc/avr/4.3.3/avr5\libgcc.a(_thenan_sf.o)
 .debug_line    0x000009a1      0x18a d:/download/imt/imt_sdk_win_64/imt_sdk_win_64/winavr/bin/../lib/gcc/avr/4.3.3/avr5\libgcc.a(_pack_sf.o)
 .debug_line    0x00000b2b      0x14b d:/download/imt/imt_sdk_win_64/imt_sdk_win_64/winavr/bin/../lib/gcc/avr/4.3.3/avr5\libgcc.a(_unpack_sf.o)
 .debug_line    0x00000c76      0x137 d:/download/imt/imt_sdk_win_64/imt_sdk_win_64/winavr/bin/../lib/gcc/avr/4.3.3/avr5\libgcc.a(_fpcmp_parts_sf.o)

.debug_frame    0x00000000      0x160
 *(.debug_frame)
 .debug_frame   0x00000000       0x20 d:/download/imt/imt_sdk_win_64/imt_sdk_win_64/winavr/bin/../lib/gcc/avr/4.3.3/avr5\libgcc.a(_fixunssfsi.o)
 .debug_frame   0x00000020       0x40 d:/download/imt/imt_sdk_win_64/imt_sdk_win_64/winavr/bin/../lib/gcc/avr/4.3.3/avr5\libgcc.a(_addsub_sf.o)
 .debug_frame   0x00000060       0x20 d:/download/imt/imt_sdk_win_64/imt_sdk_win_64/winavr/bin/../lib/gcc/avr/4.3.3/avr5\libgcc.a(_mul_sf.o)
 .debug_frame   0x00000080       0x20 d:/download/imt/imt_sdk_win_64/imt_sdk_win_64/winavr/bin/../lib/gcc/avr/4.3.3/avr5\libgcc.a(_gt_sf.o)
 .debug_frame   0x000000a0       0x20 d:/download/imt/imt_sdk_win_64/imt_sdk_win_64/winavr/bin/../lib/gcc/avr/4.3.3/avr5\libgcc.a(_ge_sf.o)
 .debug_frame   0x000000c0       0x20 d:/download/imt/imt_sdk_win_64/imt_sdk_win_64/winavr/bin/../lib/gcc/avr/4.3.3/avr5\libgcc.a(_lt_sf.o)
 .debug_frame   0x000000e0       0x20 d:/download/imt/imt_sdk_win_64/imt_sdk_win_64/winavr/bin/../lib/gcc/avr/4.3.3/avr5\libgcc.a(_sf_to_si.o)
 .debug_frame   0x00000100       0x20 d:/download/imt/imt_sdk_win_64/imt_sdk_win_64/winavr/bin/../lib/gcc/avr/4.3.3/avr5\libgcc.a(_pack_sf.o)
 .debug_frame   0x00000120       0x20 d:/download/imt/imt_sdk_win_64/imt_sdk_win_64/winavr/bin/../lib/gcc/avr/4.3.3/avr5\libgcc.a(_unpack_sf.o)
 .debug_frame   0x00000140       0x20 d:/download/imt/imt_sdk_win_64/imt_sdk_win_64/winavr/bin/../lib/gcc/avr/4.3.3/avr5\libgcc.a(_fpcmp_parts_sf.o)

.debug_str      0x00000000      0x28d
 *(.debug_str)
 .debug_str     0x00000000       0xbf d:/download/imt/imt_sdk_win_64/imt_sdk_win_64/winavr/bin/../lib/gcc/avr/4.3.3/avr5\libgcc.a(_fixunssfsi.o)
                                 0xfe (size before relaxing)
 .debug_str     0x000000bf      0x14d d:/download/imt/imt_sdk_win_64/imt_sdk_win_64/winavr/bin/../lib/gcc/avr/4.3.3/avr5\libgcc.a(_addsub_sf.o)
                                0x206 (size before relaxing)
 .debug_str     0x0000020c       0x27 d:/download/imt/imt_sdk_win_64/imt_sdk_win_64/winavr/bin/../lib/gcc/avr/4.3.3/avr5\libgcc.a(_mul_sf.o)
                                0x1bf (size before relaxing)
 .debug_str     0x00000233        0xf d:/download/imt/imt_sdk_win_64/imt_sdk_win_64/winavr/bin/../lib/gcc/avr/4.3.3/avr5\libgcc.a(_gt_sf.o)
                                0x195 (size before relaxing)
 .debug_str     0x00000242        0x8 d:/download/imt/imt_sdk_win_64/imt_sdk_win_64/winavr/bin/../lib/gcc/avr/4.3.3/avr5\libgcc.a(_ge_sf.o)
                                0x195 (size before relaxing)
 .debug_str     0x0000024a        0x8 d:/download/imt/imt_sdk_win_64/imt_sdk_win_64/winavr/bin/../lib/gcc/avr/4.3.3/avr5\libgcc.a(_lt_sf.o)
                                0x195 (size before relaxing)
 .debug_str     0x00000252        0xa d:/download/imt/imt_sdk_win_64/imt_sdk_win_64/winavr/bin/../lib/gcc/avr/4.3.3/avr5\libgcc.a(_sf_to_si.o)
                                0x19e (size before relaxing)
 .debug_str     0x00000000      0x103 d:/download/imt/imt_sdk_win_64/imt_sdk_win_64/winavr/bin/../lib/gcc/avr/4.3.3/avr5\libgcc.a(_thenan_sf.o)
 .debug_str     0x0000025c       0x16 d:/download/imt/imt_sdk_win_64/imt_sdk_win_64/winavr/bin/../lib/gcc/avr/4.3.3/avr5\libgcc.a(_pack_sf.o)
                                0x19d (size before relaxing)
 .debug_str     0x00000272        0xb d:/download/imt/imt_sdk_win_64/imt_sdk_win_64/winavr/bin/../lib/gcc/avr/4.3.3/avr5\libgcc.a(_unpack_sf.o)
                                0x17f (size before relaxing)
 .debug_str     0x0000027d       0x10 d:/download/imt/imt_sdk_win_64/imt_sdk_win_64/winavr/bin/../lib/gcc/avr/4.3.3/avr5\libgcc.a(_fpcmp_parts_sf.o)
                                0x163 (size before relaxing)

.debug_loc      0x00000000      0x7ce
 *(.debug_loc)
 .debug_loc     0x00000000       0x34 d:/download/imt/imt_sdk_win_64/imt_sdk_win_64/winavr/bin/../lib/gcc/avr/4.3.3/avr5\libgcc.a(_fixunssfsi.o)
 .debug_loc     0x00000034      0x32a d:/download/imt/imt_sdk_win_64/imt_sdk_win_64/winavr/bin/../lib/gcc/avr/4.3.3/avr5\libgcc.a(_addsub_sf.o)
 .debug_loc     0x0000035e      0x104 d:/download/imt/imt_sdk_win_64/imt_sdk_win_64/winavr/bin/../lib/gcc/avr/4.3.3/avr5\libgcc.a(_mul_sf.o)
 .debug_loc     0x00000462       0x3c d:/download/imt/imt_sdk_win_64/imt_sdk_win_64/winavr/bin/../lib/gcc/avr/4.3.3/avr5\libgcc.a(_gt_sf.o)
 .debug_loc     0x0000049e       0x3c d:/download/imt/imt_sdk_win_64/imt_sdk_win_64/winavr/bin/../lib/gcc/avr/4.3.3/avr5\libgcc.a(_ge_sf.o)
 .debug_loc     0x000004da       0x3c d:/download/imt/imt_sdk_win_64/imt_sdk_win_64/winavr/bin/../lib/gcc/avr/4.3.3/avr5\libgcc.a(_lt_sf.o)
 .debug_loc     0x00000516       0x7e d:/download/imt/imt_sdk_win_64/imt_sdk_win_64/winavr/bin/../lib/gcc/avr/4.3.3/avr5\libgcc.a(_sf_to_si.o)
 .debug_loc     0x00000594      0x13e d:/download/imt/imt_sdk_win_64/imt_sdk_win_64/winavr/bin/../lib/gcc/avr/4.3.3/avr5\libgcc.a(_pack_sf.o)
 .debug_loc     0x000006d2       0xac d:/download/imt/imt_sdk_win_64/imt_sdk_win_64/winavr/bin/../lib/gcc/avr/4.3.3/avr5\libgcc.a(_unpack_sf.o)
 .debug_loc     0x0000077e       0x50 d:/download/imt/imt_sdk_win_64/imt_sdk_win_64/winavr/bin/../lib/gcc/avr/4.3.3/avr5\libgcc.a(_fpcmp_parts_sf.o)

.debug_macinfo
 *(.debug_macinfo)
OUTPUT(SmartHome.elf elf32-avr)
LOAD linker stubs

.debug_ranges   0x00000000       0x50
 .debug_ranges  0x00000000       0x50 d:/download/imt/imt_sdk_win_64/imt_sdk_win_64/winavr/bin/../lib/gcc/avr/4.3.3/avr5\libgcc.a(_mul_sf.o)
